Loading history from cache (9MB)...
Total matches in history: 2846
Processing matches [0:2846] = 2846 matches

Already in DB: 1835 matches
[1836/2846] Scraping... done=0 skip=1835 err=0 rate=0.00/s ETA=16850m
[1837/2846] Scraping... done=1 skip=1835 err=0 rate=0.30/s ETA=56m
[1838/2846] Scraping... done=2 skip=1835 err=0 rate=0.30/s ETA=56m
[1839/2846] Scraping... done=3 skip=1835 err=0 rate=0.29/s ETA=57m
[1840/2846] Scraping... done=4 skip=1835 err=0 rate=0.29/s ETA=57m
[1841/2846] Scraping... done=5 skip=1835 err=0 rate=0.29/s ETA=58m
[1851/2846] Scraping... done=15 skip=1835 err=0 rate=0.29/s ETA=56m
[1861/2846] Scraping... done=25 skip=1835 err=0 rate=0.29/s ETA=57m
[1871/2846] Scraping... done=35 skip=1835 err=0 rate=0.29/s ETA=56m
[1881/2846] Scraping... done=45 skip=1835 err=0 rate=0.29/s ETA=56m
[1891/2846] Scraping... done=55 skip=1835 err=0 rate=0.29/s ETA=55m
[1901/2846] Scraping... done=65 skip=1835 err=0 rate=0.29/s ETA=55m
[1911/2846] Scraping... done=75 skip=1835 err=0 rate=0.29/s ETA=54m
[1921/2846] Scraping... done=85 skip=1835 err=0 rate=0.29/s ETA=53m
[1931/2846] Scraping... done=95 skip=1835 err=0 rate=0.29/s ETA=53m
[1941/2846] Scraping... done=105 skip=1835 err=0 rate=0.29/s ETA=52m
[1951/2846] Scraping... done=115 skip=1835 err=0 rate=0.29/s ETA=52m
[1961/2846] Scraping... done=125 skip=1835 err=0 rate=0.29/s ETA=51m
[1971/2846] Scraping... done=135 skip=1835 err=0 rate=0.29/s ETA=50m
[1981/2846] Scraping... done=145 skip=1835 err=0 rate=0.29/s ETA=50m
[1991/2846] Scraping... done=155 skip=1835 err=0 rate=0.28/s ETA=50m
[2001/2846] Scraping... done=165 skip=1835 err=0 rate=0.28/s ETA=49m
[2011/2846] Scraping... done=175 skip=1835 err=0 rate=0.28/s ETA=49m
[2021/2846] Scraping... done=185 skip=1835 err=0 rate=0.28/s ETA=48m
[2031/2846] Scraping... done=195 skip=1835 err=0 rate=0.28/s ETA=47m
[2041/2846] Scraping... done=205 skip=1835 err=0 rate=0.28/s ETA=47m
[2051/2846] Scraping... done=215 skip=1835 err=0 rate=0.28/s ETA=46m
[2061/2846] Scraping... done=225 skip=1835 err=0 rate=0.28/s ETA=46m
[2071/2846] Scraping... done=235 skip=1835 err=0 rate=0.28/s ETA=45m
[2081/2846] Scraping... done=245 skip=1835 err=0 rate=0.28/s ETA=44m
[2091/2846] Scraping... done=255 skip=1835 err=0 rate=0.28/s ETA=44m
[2101/2846] Scraping... done=265 skip=1835 err=0 rate=0.28/s ETA=43m
[2111/2846] Scraping... done=275 skip=1835 err=0 rate=0.28/s ETA=43m
[2121/2846] Scraping... done=285 skip=1835 err=0 rate=0.28/s ETA=42m
[2131/2846] Scraping... done=295 skip=1835 err=0 rate=0.28/s ETA=41m
[2141/2846] Scraping... done=305 skip=1835 err=0 rate=0.28/s ETA=41m
[2151/2846] Scraping... done=315 skip=1835 err=0 rate=0.28/s ETA=40m
[2161/2846] Scraping... done=325 skip=1835 err=0 rate=0.28/s ETA=40m
[2171/2846] Scraping... done=335 skip=1835 err=0 rate=0.28/s ETA=39m
[2181/2846] Scraping... done=345 skip=1835 err=0 rate=0.28/s ETA=39m
[2191/2846] Scraping... done=355 skip=1835 err=0 rate=0.28/s ETA=38m
[2201/2846] Scraping... done=365 skip=1835 err=0 rate=0.28/s ETA=37m
[2211/2846] Scraping... done=375 skip=1835 err=0 rate=0.28/s ETA=37m
[2221/2846] Scraping... done=385 skip=1835 err=0 rate=0.28/s ETA=36m
[2231/2846] Scraping... done=395 skip=1835 err=0 rate=0.28/s ETA=36m
[2241/2846] Scraping... done=405 skip=1835 err=0 rate=0.28/s ETA=35m
[2251/2846] Scraping... done=415 skip=1835 err=0 rate=0.28/s ETA=34m
[2261/2846] Scraping... done=425 skip=1835 err=0 rate=0.29/s ETA=34m
[2271/2846] Scraping... done=435 skip=1835 err=0 rate=0.29/s ETA=33m
[2281/2846] Scraping... done=445 skip=1835 err=0 rate=0.29/s ETA=33m
[2291/2846] Scraping... done=455 skip=1835 err=0 rate=0.29/s ETA=32m
[2301/2846] Scraping... done=465 skip=1835 err=0 rate=0.29/s ETA=31m
[2311/2846] Scraping... done=475 skip=1835 err=0 rate=0.29/s ETA=31m
[2321/2846] Scraping... done=485 skip=1835 err=0 rate=0.29/s ETA=30m
[2331/2846] Scraping... done=495 skip=1835 err=0 rate=0.29/s ETA=30m
[2341/2846] Scraping... done=505 skip=1835 err=0 rate=0.29/s ETA=29m
[2351/2846] Scraping... done=515 skip=1835 err=0 rate=0.29/s ETA=28m
[2361/2846] Scraping... done=525 skip=1835 err=0 rate=0.29/s ETA=28m
[2371/2846] Scraping... done=535 skip=1835 err=0 rate=0.29/s ETA=27m
[2381/2846] Scraping... done=545 skip=1835 err=0 rate=0.29/s ETA=27m
[2391/2846] Scraping... done=555 skip=1835 err=0 rate=0.29/s ETA=26m
[2401/2846] Scraping... done=565 skip=1835 err=0 rate=0.29/s ETA=26m
[2411/2846] Scraping... done=575 skip=1835 err=0 rate=0.29/s ETA=25m
[2421/2846] Scraping... done=585 skip=1835 err=0 rate=0.29/s ETA=24m
[2431/2846] Scraping... done=595 skip=1835 err=0 rate=0.29/s ETA=24m
[2441/2846] Scraping... done=605 skip=1835 err=0 rate=0.29/s ETA=23m
[2451/2846] Scraping... done=615 skip=1835 err=0 rate=0.28/s ETA=23m
[2461/2846] Scraping... done=625 skip=1835 err=0 rate=0.28/s ETA=22m
[2471/2846] Scraping... done=635 skip=1835 err=0 rate=0.28/s ETA=22m
[2481/2846] Scraping... done=645 skip=1835 err=0 rate=0.28/s ETA=21m
[2491/2846] Scraping... done=655 skip=1835 err=0 rate=0.28/s ETA=20m
[2501/2846] Scraping... done=665 skip=1835 err=0 rate=0.28/s ETA=20m
[2511/2846] Scraping... done=675 skip=1835 err=0 rate=0.28/s ETA=19m
[2521/2846] Scraping... done=685 skip=1835 err=0 rate=0.28/s ETA=19m
[2531/2846] Scraping... done=695 skip=1835 err=0 rate=0.28/s ETA=18m
[2541/2846] Scraping... done=705 skip=1835 err=0 rate=0.28/s ETA=17m
[2551/2846] Scraping... done=715 skip=1835 err=0 rate=0.28/s ETA=17m
[2561/2846] Scraping... done=725 skip=1835 err=0 rate=0.28/s ETA=16m
[2571/2846] Scraping... done=735 skip=1835 err=0 rate=0.28/s ETA=16m
[2581/2846] Scraping... done=745 skip=1835 err=0 rate=0.28/s ETA=15m
[2591/2846] Scraping... done=755 skip=1835 err=0 rate=0.28/s ETA=15m
[2601/2846] Scraping... done=765 skip=1835 err=0 rate=0.28/s ETA=14m
[2611/2846] Scraping... done=775 skip=1835 err=0 rate=0.28/s ETA=13m
[2621/2846] Scraping... done=785 skip=1835 err=0 rate=0.28/s ETA=13m
[2631/2846] Scraping... done=795 skip=1835 err=0 rate=0.28/s ETA=12m
[2641/2846] Scraping... done=805 skip=1835 err=0 rate=0.28/s ETA=12m
[2651/2846] Scraping... done=815 skip=1835 err=0 rate=0.28/s ETA=11m
[2661/2846] Scraping... done=825 skip=1835 err=0 rate=0.28/s ETA=10m
[2671/2846] Scraping... done=835 skip=1835 err=0 rate=0.28/s ETA=10m
[2681/2846] Scraping... done=845 skip=1835 err=0 rate=0.28/s ETA=9m
[2691/2846] Scraping... done=855 skip=1835 err=0 rate=0.28/s ETA=9m
[2701/2846] Scraping... done=865 skip=1835 err=0 rate=0.28/s ETA=8m
[2711/2846] Scraping... done=875 skip=1835 err=0 rate=0.28/s ETA=7m
[2721/2846] Scraping... done=885 skip=1835 err=0 rate=0.28/s ETA=7m
[2731/2846] Scraping... done=895 skip=1835 err=0 rate=0.28/s ETA=6m
[2741/2846] Scraping... done=905 skip=1835 err=0 rate=0.28/s ETA=6m
[2751/2846] Scraping... done=915 skip=1835 err=0 rate=0.28/s ETA=5m
[2761/2846] Scraping... done=925 skip=1835 err=0 rate=0.28/s ETA=5m
[2771/2846] Scraping... done=935 skip=1835 err=0 rate=0.28/s ETA=4m
[2781/2846] Scraping... done=945 skip=1835 err=0 rate=0.28/s ETA=3m
[2791/2846] Scraping... done=955 skip=1835 err=0 rate=0.28/s ETA=3m
[2801/2846] Scraping... done=965 skip=1835 err=0 rate=0.28/s ETA=2m
[2811/2846] Scraping... done=975 skip=1835 err=0 rate=0.28/s ETA=2m
[2821/2846] Scraping... done=985 skip=1835 err=0 rate=0.28/s ETA=1m
[2831/2846] Scraping... done=995 skip=1835 err=0 rate=0.28/s ETA=0m
[2841/2846] Scraping... done=1005 skip=1835 err=0 rate=0.28/s ETA=0m

=== Done in 59.2 min ===
  Scraped:  1011
  Skipped:  1835 (already in DB)
  Errors:   0 (no stats available)
  matches: 2,846 rows
  participants: 29,064 rows
  teams: 5,690 rows
  timeline_frames: 645,982 rows
  timeline_events: 2,516,873 rows

Database: C:\Riot Commander\data\rewind_history.db
